// Jest Snapshot v1, https://goo.gl/fbAQLP

exports[`AddComment should render 1`] = `ShallowWrapper {}`;
