// Jest Snapshot v1, https://goo.gl/fbAQLP

exports[`Search-User should render 1`] = `ShallowWrapper {}`;
