// Jest Snapshot v1, https://goo.gl/fbAQLP

exports[`ChangeUserName should render 1`] = `ShallowWrapper {}`;
