// Jest Snapshot v1, https://goo.gl/fbAQLP

exports[`Comments should render 1`] = `ShallowWrapper {}`;
